[22-Jul-2025 19:55:54 Europe/Berlin] Database connection established successfully
[22-Jul-2025 19:55:55 Europe/Berlin] Database connection established successfully
[22-Jul-2025 19:55:55 Europe/Berlin] Database connection established successfully
[22-Jul-2025 19:55:55 Europe/Berlin] Database connection established successfully
[22-Jul-2025 19:55:56 Europe/Berlin] Database connection established successfully
[22-Jul-2025 19:55:56 Europe/Berlin] PHP Warning:  Undefined variable $conn in C:\xampp\htdocs\J2E-Healthcare-Trading\invoice\invoice.php on line 29
[22-Jul-2025 19:55:56 Europe/Berlin] PHP Fatal error:  Uncaught Error: Call to a member function query() on null in C:\xampp\htdocs\J2E-Healthcare-Trading\invoice\invoice.php:29
Stack trace:
#0 {main}
  thrown in C:\xampp\htdocs\J2E-Healthcare-Trading\invoice\invoice.php on line 29
[22-Jul-2025 19:55:58 Europe/Berlin] Database connection established successfully
[22-Jul-2025 19:56:10 Europe/Berlin] Database connection established successfully
[22-Jul-2025 19:56:12 Europe/Berlin] Database connection established successfully
[22-Jul-2025 19:56:13 Europe/Berlin] Database connection established successfully
[22-Jul-2025 19:56:30 Europe/Berlin] Database connection established successfully
[22-Jul-2025 19:56:30 Europe/Berlin] Form data: Array
(
    [productName] => test1
    [sku] => 123123
    [description] => qw123wwe
    [quantity] => 12332
    [unitPrice] => 21312
    [category] => 1
    [unit] => 7
    [status] => 25
)

[22-Jul-2025 19:56:31 Europe/Berlin] Database connection established successfully
[22-Jul-2025 19:56:58 Europe/Berlin] Database connection established successfully
[22-Jul-2025 19:56:58 Europe/Berlin] PHP Warning:  Undefined variable $conn in C:\xampp\htdocs\J2E-Healthcare-Trading\invoice\invoice.php on line 29
[22-Jul-2025 19:56:58 Europe/Berlin] PHP Fatal error:  Uncaught Error: Call to a member function query() on null in C:\xampp\htdocs\J2E-Healthcare-Trading\invoice\invoice.php:29
Stack trace:
#0 {main}
  thrown in C:\xampp\htdocs\J2E-Healthcare-Trading\invoice\invoice.php on line 29
[22-Jul-2025 19:59:03 Europe/Berlin] Database connection established successfully
[22-Jul-2025 19:59:03 Europe/Berlin] Database connection established successfully
[22-Jul-2025 19:59:05 Europe/Berlin] Database connection established successfully
[22-Jul-2025 19:59:05 Europe/Berlin] PHP Warning:  Undefined variable $conn in C:\xampp\htdocs\J2E-Healthcare-Trading\invoice\invoice_add.php on line 187
[22-Jul-2025 19:59:05 Europe/Berlin] PHP Fatal error:  Uncaught Error: Call to a member function query() on null in C:\xampp\htdocs\J2E-Healthcare-Trading\invoice\invoice_add.php:187
Stack trace:
#0 {main}
  thrown in C:\xampp\htdocs\J2E-Healthcare-Trading\invoice\invoice_add.php on line 187
[22-Jul-2025 19:59:08 Europe/Berlin] Database connection established successfully
[22-Jul-2025 20:12:46 Europe/Berlin] Database connection established successfully
[22-Jul-2025 20:12:48 Europe/Berlin] Database connection established successfully
[22-Jul-2025 20:12:49 Europe/Berlin] Database connection established successfully
[22-Jul-2025 20:12:49 Europe/Berlin] Database connection established successfully
[22-Jul-2025 20:12:49 Europe/Berlin] Products fetched: 33
[22-Jul-2025 20:12:50 Europe/Berlin] Database connection established successfully
[22-Jul-2025 20:12:52 Europe/Berlin] Database connection established successfully
[22-Jul-2025 20:12:54 Europe/Berlin] Database connection established successfully
[22-Jul-2025 20:13:05 Europe/Berlin] Database connection established successfully
[22-Jul-2025 20:13:10 Europe/Berlin] Database connection established successfully
[22-Jul-2025 20:13:13 Europe/Berlin] Database connection established successfully
[22-Jul-2025 20:18:38 Europe/Berlin] Database connection established successfully
[22-Jul-2025 20:18:40 Europe/Berlin] Database connection established successfully
[22-Jul-2025 20:18:41 Europe/Berlin] Database connection established successfully
[22-Jul-2025 20:18:54 Europe/Berlin] Database connection established successfully
[22-Jul-2025 20:18:54 Europe/Berlin] Database connection established successfully
[22-Jul-2025 20:20:27 Europe/Berlin] Database connection established successfully
[22-Jul-2025 20:20:28 Europe/Berlin] Database connection established successfully
[22-Jul-2025 20:20:28 Europe/Berlin] Database connection established successfully
[22-Jul-2025 20:20:29 Europe/Berlin] Database connection established successfully
[22-Jul-2025 20:20:30 Europe/Berlin] Database connection established successfully
[22-Jul-2025 20:20:42 Europe/Berlin] Database connection established successfully
[22-Jul-2025 20:20:42 Europe/Berlin] Form data: Array
(
    [productName] => 123
    [sku] => 123
    [description] => 132
    [quantity] => 132
    [unitPrice] => 123
    [category] => 2
    [unit] => 7
    [status] => 30
)

[22-Jul-2025 20:20:42 Europe/Berlin] Session user_id: 1
[22-Jul-2025 20:20:42 Europe/Berlin] Product inserted successfully with ID: 35
[22-Jul-2025 20:20:42 Europe/Berlin] Inventory record inserted successfully
[22-Jul-2025 20:20:43 Europe/Berlin] Database connection established successfully
[22-Jul-2025 20:22:25 Europe/Berlin] Database connection established successfully
[22-Jul-2025 20:22:26 Europe/Berlin] Database connection established successfully
[22-Jul-2025 20:22:30 Europe/Berlin] Database connection established successfully
[22-Jul-2025 20:22:40 Europe/Berlin] Database connection established successfully
[22-Jul-2025 20:22:40 Europe/Berlin] Database connection established successfully
[22-Jul-2025 20:27:56 Europe/Berlin] Database connection established successfully
[22-Jul-2025 20:27:59 Europe/Berlin] Database connection established successfully
[22-Jul-2025 20:28:01 Europe/Berlin] Database connection established successfully
[22-Jul-2025 20:28:02 Europe/Berlin] Database connection established successfully
[22-Jul-2025 20:28:02 Europe/Berlin] Database connection established successfully
[22-Jul-2025 20:28:05 Europe/Berlin] Database connection established successfully
[22-Jul-2025 20:28:06 Europe/Berlin] Database connection established successfully
[22-Jul-2025 20:59:11 Europe/Berlin] Database connection established successfully
[22-Jul-2025 20:59:20 Europe/Berlin] Database connection established successfully
[22-Jul-2025 20:59:22 Europe/Berlin] Database connection established successfully
[22-Jul-2025 20:59:27 Europe/Berlin] Database connection established successfully
[22-Jul-2025 21:00:17 Europe/Berlin] Database connection established successfully
[22-Jul-2025 21:02:44 Europe/Berlin] Database connection established successfully
[22-Jul-2025 21:02:55 Europe/Berlin] Database connection established successfully
[22-Jul-2025 21:03:00 Europe/Berlin] Database connection established successfully
[22-Jul-2025 21:05:55 Europe/Berlin] Database connection established successfully
[22-Jul-2025 21:06:30 Europe/Berlin] Database connection established successfully
[22-Jul-2025 21:06:32 Europe/Berlin] Database connection established successfully
[22-Jul-2025 21:07:05 Europe/Berlin] Database connection established successfully
[22-Jul-2025 21:07:10 Europe/Berlin] Database connection established successfully
[22-Jul-2025 21:07:14 Europe/Berlin] Database connection established successfully
[22-Jul-2025 21:09:16 Europe/Berlin] Database connection established successfully
[22-Jul-2025 21:09:18 Europe/Berlin] Database connection established successfully
[22-Jul-2025 21:09:23 Europe/Berlin] Database connection established successfully
[22-Jul-2025 21:09:27 Europe/Berlin] Database connection established successfully
[22-Jul-2025 21:11:08 Europe/Berlin] Database connection established successfully
[22-Jul-2025 21:11:08 Europe/Berlin] Database connection established successfully
[22-Jul-2025 21:11:27 Europe/Berlin] Database connection established successfully
[22-Jul-2025 21:11:29 Europe/Berlin] Database connection established successfully
[22-Jul-2025 21:11:34 Europe/Berlin] Database connection established successfully
[22-Jul-2025 21:11:34 Europe/Berlin] Database connection established successfully
[22-Jul-2025 21:11:37 Europe/Berlin] Database connection established successfully
[22-Jul-2025 21:13:08 Europe/Berlin] Database connection established successfully
[22-Jul-2025 21:13:08 Europe/Berlin] Database connection established successfully
[22-Jul-2025 21:13:14 Europe/Berlin] Database connection established successfully
[22-Jul-2025 21:13:20 Europe/Berlin] Database connection established successfully
[22-Jul-2025 21:13:22 Europe/Berlin] Database connection established successfully
[22-Jul-2025 21:13:27 Europe/Berlin] Database connection established successfully
[22-Jul-2025 21:14:02 Europe/Berlin] Database connection established successfully
[22-Jul-2025 21:14:02 Europe/Berlin] Database connection established successfully
[22-Jul-2025 21:14:08 Europe/Berlin] Database connection established successfully
[22-Jul-2025 21:14:30 Europe/Berlin] Database connection established successfully
[22-Jul-2025 21:14:30 Europe/Berlin] Database connection established successfully
[22-Jul-2025 21:14:34 Europe/Berlin] Database connection established successfully
[22-Jul-2025 21:14:36 Europe/Berlin] Database connection established successfully
[22-Jul-2025 21:14:37 Europe/Berlin] Database connection established successfully
[22-Jul-2025 21:14:44 Europe/Berlin] Database connection established successfully
[22-Jul-2025 21:22:37 Europe/Berlin] Database connection established successfully
[22-Jul-2025 21:22:38 Europe/Berlin] Database connection established successfully
[22-Jul-2025 21:22:48 Europe/Berlin] Database connection established successfully
[22-Jul-2025 21:22:48 Europe/Berlin] Database connection established successfully
[22-Jul-2025 21:22:52 Europe/Berlin] Database connection established successfully
[22-Jul-2025 21:38:00 Europe/Berlin] Database connection established successfully
[22-Jul-2025 21:38:01 Europe/Berlin] Database connection established successfully
[22-Jul-2025 21:41:33 Europe/Berlin] Database connection established successfully
[22-Jul-2025 21:44:05 Europe/Berlin] Database connection established successfully
[22-Jul-2025 21:44:05 Europe/Berlin] PHP Warning:  Undefined variable $image_path in C:\xampp\htdocs\j2e_inventory\user\user_management.php on line 680
[22-Jul-2025 21:44:05 Europe/Berlin] PHP Warning:  Undefined variable $image_path in C:\xampp\htdocs\j2e_inventory\user\user_management.php on line 680
[22-Jul-2025 21:44:31 Europe/Berlin] Database connection established successfully
[22-Jul-2025 21:44:31 Europe/Berlin] Database connection established successfully
[22-Jul-2025 21:44:33 Europe/Berlin] Database connection established successfully
[22-Jul-2025 21:44:33 Europe/Berlin] PHP Warning:  Undefined variable $image_path in C:\xampp\htdocs\j2e_inventory\user\user_management.php on line 680
[22-Jul-2025 21:44:33 Europe/Berlin] PHP Warning:  Undefined variable $image_path in C:\xampp\htdocs\j2e_inventory\user\user_management.php on line 680
[22-Jul-2025 21:45:47 Europe/Berlin] Database connection established successfully
[22-Jul-2025 21:45:47 Europe/Berlin] PHP Warning:  Undefined variable $image_path in C:\xampp\htdocs\j2e_inventory\user\user_management.php on line 680
[22-Jul-2025 21:45:47 Europe/Berlin] PHP Warning:  Undefined variable $image_path in C:\xampp\htdocs\j2e_inventory\user\user_management.php on line 680
[22-Jul-2025 21:48:46 Europe/Berlin] Database connection established successfully
[22-Jul-2025 21:48:46 Europe/Berlin] PHP Warning:  Undefined variable $image_path in C:\xampp\htdocs\j2e_inventory\user\user_management.php on line 680
[22-Jul-2025 21:48:46 Europe/Berlin] PHP Warning:  Undefined variable $image_path in C:\xampp\htdocs\j2e_inventory\user\user_management.php on line 680
[22-Jul-2025 21:48:47 Europe/Berlin] Database connection established successfully
[22-Jul-2025 21:48:47 Europe/Berlin] PHP Warning:  Undefined variable $image_path in C:\xampp\htdocs\j2e_inventory\user\user_management.php on line 680
[22-Jul-2025 21:48:47 Europe/Berlin] PHP Warning:  Undefined variable $image_path in C:\xampp\htdocs\j2e_inventory\user\user_management.php on line 680
[22-Jul-2025 21:48:47 Europe/Berlin] Database connection established successfully
[22-Jul-2025 21:48:47 Europe/Berlin] PHP Warning:  Undefined variable $image_path in C:\xampp\htdocs\j2e_inventory\user\user_management.php on line 680
[22-Jul-2025 21:48:47 Europe/Berlin] PHP Warning:  Undefined variable $image_path in C:\xampp\htdocs\j2e_inventory\user\user_management.php on line 680
[22-Jul-2025 21:48:47 Europe/Berlin] Database connection established successfully
[22-Jul-2025 21:48:47 Europe/Berlin] PHP Warning:  Undefined variable $image_path in C:\xampp\htdocs\j2e_inventory\user\user_management.php on line 680
[22-Jul-2025 21:48:47 Europe/Berlin] PHP Warning:  Undefined variable $image_path in C:\xampp\htdocs\j2e_inventory\user\user_management.php on line 680
[22-Jul-2025 21:48:47 Europe/Berlin] Database connection established successfully
[22-Jul-2025 21:48:47 Europe/Berlin] PHP Warning:  Undefined variable $image_path in C:\xampp\htdocs\j2e_inventory\user\user_management.php on line 680
[22-Jul-2025 21:48:47 Europe/Berlin] PHP Warning:  Undefined variable $image_path in C:\xampp\htdocs\j2e_inventory\user\user_management.php on line 680
[22-Jul-2025 21:48:48 Europe/Berlin] Database connection established successfully
[22-Jul-2025 21:48:48 Europe/Berlin] PHP Warning:  Undefined variable $image_path in C:\xampp\htdocs\j2e_inventory\user\user_management.php on line 680
[22-Jul-2025 21:48:48 Europe/Berlin] PHP Warning:  Undefined variable $image_path in C:\xampp\htdocs\j2e_inventory\user\user_management.php on line 680
[22-Jul-2025 21:48:48 Europe/Berlin] Database connection established successfully
[22-Jul-2025 21:48:48 Europe/Berlin] PHP Warning:  Undefined variable $image_path in C:\xampp\htdocs\j2e_inventory\user\user_management.php on line 680
[22-Jul-2025 21:48:48 Europe/Berlin] PHP Warning:  Undefined variable $image_path in C:\xampp\htdocs\j2e_inventory\user\user_management.php on line 680
[22-Jul-2025 21:48:51 Europe/Berlin] Database connection established successfully
[22-Jul-2025 21:48:52 Europe/Berlin] Database connection established successfully
[22-Jul-2025 21:52:29 Europe/Berlin] Database connection established successfully
[22-Jul-2025 21:52:29 Europe/Berlin] PHP Warning:  Undefined variable $image_path in C:\xampp\htdocs\j2e_inventory\user\user_management.php on line 688
[22-Jul-2025 21:52:29 Europe/Berlin] PHP Warning:  Undefined variable $image_path in C:\xampp\htdocs\j2e_inventory\user\user_management.php on line 688
[22-Jul-2025 21:55:33 Europe/Berlin] Database connection established successfully
[22-Jul-2025 21:57:04 Europe/Berlin] Database connection established successfully
[22-Jul-2025 21:58:02 Europe/Berlin] Database connection established successfully
[22-Jul-2025 22:03:09 Europe/Berlin] Database connection established successfully
[22-Jul-2025 22:05:56 Europe/Berlin] Database connection established successfully
[22-Jul-2025 22:06:32 Europe/Berlin] Database connection established successfully
[22-Jul-2025 22:06:33 Europe/Berlin] Database connection established successfully
[22-Jul-2025 22:06:46 Europe/Berlin] Database connection established successfully
[22-Jul-2025 22:06:50 Europe/Berlin] Database connection established successfully
[22-Jul-2025 22:06:53 Europe/Berlin] Database connection established successfully
[22-Jul-2025 22:06:53 Europe/Berlin] Database connection established successfully
[22-Jul-2025 22:06:54 Europe/Berlin] Database connection established successfully
[22-Jul-2025 22:07:34 Europe/Berlin] Database connection established successfully
[22-Jul-2025 22:08:10 Europe/Berlin] Database connection established successfully
[22-Jul-2025 22:08:11 Europe/Berlin] Database connection established successfully
[22-Jul-2025 22:08:51 Europe/Berlin] Database connection established successfully
[22-Jul-2025 22:08:51 Europe/Berlin] Database connection established successfully
[22-Jul-2025 22:09:30 Europe/Berlin] Database connection established successfully
[22-Jul-2025 22:09:30 Europe/Berlin] Database connection established successfully
[22-Jul-2025 22:09:33 Europe/Berlin] Database connection established successfully
[22-Jul-2025 22:09:34 Europe/Berlin] Database connection established successfully
[22-Jul-2025 22:09:58 Europe/Berlin] Database connection established successfully
[22-Jul-2025 22:09:59 Europe/Berlin] Database connection established successfully
[22-Jul-2025 22:10:01 Europe/Berlin] Database connection established successfully
[22-Jul-2025 22:14:38 Europe/Berlin] Database connection established successfully
[22-Jul-2025 22:14:40 Europe/Berlin] Database connection established successfully
[22-Jul-2025 22:14:41 Europe/Berlin] Database connection established successfully
[22-Jul-2025 22:14:41 Europe/Berlin] Database connection established successfully
[22-Jul-2025 22:14:41 Europe/Berlin] Database connection established successfully
[22-Jul-2025 22:14:44 Europe/Berlin] Database connection established successfully
[22-Jul-2025 22:14:50 Europe/Berlin] Database connection established successfully
[22-Jul-2025 22:14:54 Europe/Berlin] Database connection established successfully
[22-Jul-2025 22:14:54 Europe/Berlin] PHP Warning:  Undefined variable $user in C:\xampp\htdocs\j2e_inventory\user\user_management.php on line 8
[22-Jul-2025 22:14:54 Europe/Berlin] PHP Warning:  Trying to access array offset on value of type null in C:\xampp\htdocs\j2e_inventory\user\user_management.php on line 8
[22-Jul-2025 22:15:52 Europe/Berlin] Database connection established successfully
[22-Jul-2025 22:15:52 Europe/Berlin] PHP Warning:  Undefined variable $user in C:\xampp\htdocs\j2e_inventory\user\user_management.php on line 8
[22-Jul-2025 22:15:52 Europe/Berlin] PHP Warning:  Trying to access array offset on value of type null in C:\xampp\htdocs\j2e_inventory\user\user_management.php on line 8
[22-Jul-2025 22:16:02 Europe/Berlin] Database connection established successfully
[22-Jul-2025 22:17:02 Europe/Berlin] Database connection established successfully
[22-Jul-2025 22:18:08 Europe/Berlin] Database connection established successfully
[22-Jul-2025 22:25:43 Europe/Berlin] Database connection established successfully
[22-Jul-2025 22:26:12 Europe/Berlin] Database connection established successfully
[22-Jul-2025 22:26:36 Europe/Berlin] Database connection established successfully
[22-Jul-2025 22:26:38 Europe/Berlin] Database connection established successfully
[22-Jul-2025 22:27:29 Europe/Berlin] Database connection established successfully
[22-Jul-2025 22:28:55 Europe/Berlin] Database connection established successfully
[22-Jul-2025 22:30:49 Europe/Berlin] Database connection established successfully
[22-Jul-2025 22:30:50 Europe/Berlin] Database connection established successfully
[22-Jul-2025 22:30:59 Europe/Berlin] Database connection established successfully
[22-Jul-2025 22:31:02 Europe/Berlin] Database connection established successfully
[22-Jul-2025 22:31:02 Europe/Berlin] Database connection established successfully
[22-Jul-2025 22:32:26 Europe/Berlin] Database connection established successfully
[22-Jul-2025 22:32:53 Europe/Berlin] Database connection established successfully
[22-Jul-2025 22:33:01 Europe/Berlin] Database connection established successfully
[22-Jul-2025 22:33:02 Europe/Berlin] Database connection established successfully
[22-Jul-2025 22:33:02 Europe/Berlin] Database connection established successfully
[22-Jul-2025 22:33:03 Europe/Berlin] Database connection established successfully
[22-Jul-2025 22:34:58 Europe/Berlin] Database connection established successfully
[22-Jul-2025 22:34:59 Europe/Berlin] Database connection established successfully
[22-Jul-2025 22:35:00 Europe/Berlin] Database connection established successfully
[22-Jul-2025 22:35:53 Europe/Berlin] Database connection established successfully
[22-Jul-2025 22:36:25 Europe/Berlin] Database connection established successfully
[22-Jul-2025 22:36:25 Europe/Berlin] Products fetched: 31
[22-Jul-2025 22:36:52 Europe/Berlin] Database connection established successfully
[22-Jul-2025 22:36:57 Europe/Berlin] Database connection established successfully
[22-Jul-2025 22:36:57 Europe/Berlin] Database connection established successfully
[22-Jul-2025 22:37:19 Europe/Berlin] Database connection established successfully
[22-Jul-2025 22:37:21 Europe/Berlin] Database connection established successfully
[22-Jul-2025 22:39:17 Europe/Berlin] Database connection established successfully
[22-Jul-2025 22:39:20 Europe/Berlin] Database connection established successfully
[22-Jul-2025 22:39:26 Europe/Berlin] Database connection established successfully
[22-Jul-2025 22:39:31 Europe/Berlin] Database connection established successfully
[22-Jul-2025 22:39:31 Europe/Berlin] Database connection established successfully
[22-Jul-2025 22:42:37 Europe/Berlin] Database connection established successfully
[22-Jul-2025 22:42:39 Europe/Berlin] Database connection established successfully
[22-Jul-2025 22:42:39 Europe/Berlin] Database connection established successfully
[22-Jul-2025 22:42:40 Europe/Berlin] Database connection established successfully
[22-Jul-2025 22:42:41 Europe/Berlin] Database connection established successfully
[22-Jul-2025 22:42:41 Europe/Berlin] Database connection established successfully
[22-Jul-2025 22:42:43 Europe/Berlin] Database connection established successfully
[22-Jul-2025 22:42:54 Europe/Berlin] Database connection established successfully
[22-Jul-2025 22:44:54 Europe/Berlin] Database connection established successfully
[22-Jul-2025 22:44:56 Europe/Berlin] Database connection established successfully
[22-Jul-2025 22:45:00 Europe/Berlin] Database connection established successfully
[22-Jul-2025 22:45:03 Europe/Berlin] Database connection established successfully
[22-Jul-2025 22:45:26 Europe/Berlin] Database connection established successfully
[22-Jul-2025 22:45:26 Europe/Berlin] Database connection established successfully
[22-Jul-2025 22:45:28 Europe/Berlin] Database connection established successfully
[22-Jul-2025 22:45:35 Europe/Berlin] Database connection established successfully
[22-Jul-2025 22:45:35 Europe/Berlin] Database connection established successfully
[22-Jul-2025 22:45:40 Europe/Berlin] Database connection established successfully
[22-Jul-2025 22:47:03 Europe/Berlin] Database connection established successfully
[22-Jul-2025 22:47:05 Europe/Berlin] Database connection established successfully
[22-Jul-2025 22:47:05 Europe/Berlin] Database connection established successfully
[22-Jul-2025 22:47:09 Europe/Berlin] Database connection established successfully
[22-Jul-2025 22:48:12 Europe/Berlin] Database connection established successfully
[22-Jul-2025 22:48:14 Europe/Berlin] Database connection established successfully
[22-Jul-2025 22:48:32 Europe/Berlin] Database connection established successfully
[22-Jul-2025 22:48:36 Europe/Berlin] Database connection established successfully
[22-Jul-2025 22:48:39 Europe/Berlin] Database connection established successfully
[22-Jul-2025 22:49:06 Europe/Berlin] Database connection established successfully
[22-Jul-2025 22:49:06 Europe/Berlin] Database connection established successfully
[22-Jul-2025 22:49:08 Europe/Berlin] Database connection established successfully
[22-Jul-2025 22:49:40 Europe/Berlin] Database connection established successfully
[22-Jul-2025 22:50:01 Europe/Berlin] Database connection established successfully
[22-Jul-2025 22:50:03 Europe/Berlin] Database connection established successfully
[22-Jul-2025 22:51:12 Europe/Berlin] Database connection established successfully
[22-Jul-2025 22:53:27 Europe/Berlin] Database connection established successfully
[22-Jul-2025 22:55:05 Europe/Berlin] Database connection established successfully
[22-Jul-2025 22:55:06 Europe/Berlin] Database connection established successfully
[22-Jul-2025 22:55:12 Europe/Berlin] Database connection established successfully
[22-Jul-2025 22:55:18 Europe/Berlin] Database connection established successfully
[22-Jul-2025 22:56:38 Europe/Berlin] Database connection established successfully
[22-Jul-2025 22:57:08 Europe/Berlin] Database connection established successfully
[22-Jul-2025 22:58:30 Europe/Berlin] Database connection established successfully
[22-Jul-2025 22:58:32 Europe/Berlin] Database connection established successfully
[22-Jul-2025 22:59:02 Europe/Berlin] Database connection established successfully
[22-Jul-2025 22:59:03 Europe/Berlin] Database connection established successfully
[22-Jul-2025 22:59:30 Europe/Berlin] Database connection established successfully
[22-Jul-2025 22:59:34 Europe/Berlin] Database connection established successfully
[22-Jul-2025 23:02:51 Europe/Berlin] Database connection established successfully
[22-Jul-2025 23:02:53 Europe/Berlin] Database connection established successfully
[22-Jul-2025 23:05:06 Europe/Berlin] Database connection established successfully
[22-Jul-2025 23:06:25 Europe/Berlin] Database connection established successfully
[22-Jul-2025 23:06:27 Europe/Berlin] Database connection established successfully
[22-Jul-2025 23:06:27 Europe/Berlin] Database connection established successfully
[22-Jul-2025 23:06:27 Europe/Berlin] Database connection established successfully
[22-Jul-2025 23:06:27 Europe/Berlin] Database connection established successfully
[22-Jul-2025 23:06:27 Europe/Berlin] Database connection established successfully
[22-Jul-2025 23:06:27 Europe/Berlin] Database connection established successfully
[22-Jul-2025 23:06:28 Europe/Berlin] Database connection established successfully
[22-Jul-2025 23:06:28 Europe/Berlin] Database connection established successfully
[22-Jul-2025 23:06:28 Europe/Berlin] Database connection established successfully
[22-Jul-2025 23:06:28 Europe/Berlin] Database connection established successfully
[22-Jul-2025 23:06:47 Europe/Berlin] Database connection established successfully
[22-Jul-2025 23:06:56 Europe/Berlin] Database connection established successfully
[22-Jul-2025 23:06:57 Europe/Berlin] Database connection established successfully
[22-Jul-2025 23:06:57 Europe/Berlin] Database connection established successfully
[22-Jul-2025 23:07:00 Europe/Berlin] Database connection established successfully
[22-Jul-2025 23:07:00 Europe/Berlin] Database connection established successfully
[22-Jul-2025 23:15:41 Europe/Berlin] Database connection established successfully
[22-Jul-2025 23:15:42 Europe/Berlin] Database connection established successfully
[22-Jul-2025 23:15:47 Europe/Berlin] Database connection established successfully
[22-Jul-2025 23:15:49 Europe/Berlin] Database connection established successfully
[22-Jul-2025 23:15:50 Europe/Berlin] Database connection established successfully
[22-Jul-2025 23:15:50 Europe/Berlin] PHP Warning:  Undefined variable $conn in C:\xampp\htdocs\j2e_inventory\invoice\editInvoice.php on line 16
[22-Jul-2025 23:15:50 Europe/Berlin] PHP Fatal error:  Uncaught Error: Call to a member function prepare() on null in C:\xampp\htdocs\j2e_inventory\invoice\editInvoice.php:16
Stack trace:
#0 {main}
  thrown in C:\xampp\htdocs\j2e_inventory\invoice\editInvoice.php on line 16
[22-Jul-2025 23:19:35 Europe/Berlin] Database connection established successfully
[22-Jul-2025 23:19:35 Europe/Berlin] PHP Fatal error:  Uncaught Error: Call to undefined method PDOStatement::bind_param() in C:\xampp\htdocs\j2e_inventory\invoice\editInvoice.php:17
Stack trace:
#0 {main}
  thrown in C:\xampp\htdocs\j2e_inventory\invoice\editInvoice.php on line 17
[22-Jul-2025 23:20:30 Europe/Berlin] Database connection established successfully
[22-Jul-2025 23:20:30 Europe/Berlin] PHP Warning:  Undefined variable $invoice_result in C:\xampp\htdocs\j2e_inventory\invoice\editInvoice.php on line 21
[22-Jul-2025 23:20:30 Europe/Berlin] PHP Warning:  Attempt to read property "num_rows" on null in C:\xampp\htdocs\j2e_inventory\invoice\editInvoice.php on line 21
[22-Jul-2025 23:20:30 Europe/Berlin] PHP Warning:  Undefined variable $invoice_result in C:\xampp\htdocs\j2e_inventory\invoice\editInvoice.php on line 26
[22-Jul-2025 23:20:30 Europe/Berlin] PHP Fatal error:  Uncaught Error: Call to a member function fetch_assoc() on null in C:\xampp\htdocs\j2e_inventory\invoice\editInvoice.php:26
Stack trace:
#0 {main}
  thrown in C:\xampp\htdocs\j2e_inventory\invoice\editInvoice.php on line 26
[22-Jul-2025 23:21:36 Europe/Berlin] Database connection established successfully
[22-Jul-2025 23:22:55 Europe/Berlin] Database connection established successfully
[22-Jul-2025 23:22:55 Europe/Berlin] Database connection established successfully
[22-Jul-2025 23:22:56 Europe/Berlin] Database connection established successfully
[22-Jul-2025 23:23:17 Europe/Berlin] Database connection established successfully
[22-Jul-2025 23:23:35 Europe/Berlin] Database connection established successfully
[22-Jul-2025 23:28:31 Europe/Berlin] Database connection established successfully
[22-Jul-2025 23:28:32 Europe/Berlin] Database connection established successfully
[22-Jul-2025 23:28:40 Europe/Berlin] Database connection established successfully
[22-Jul-2025 23:31:03 Europe/Berlin] Database connection established successfully
[22-Jul-2025 23:34:08 Europe/Berlin] Database connection established successfully
[22-Jul-2025 23:34:24 Europe/Berlin] Database connection established successfully
[22-Jul-2025 23:34:25 Europe/Berlin] Database connection established successfully
[22-Jul-2025 23:34:26 Europe/Berlin] Database connection established successfully
[22-Jul-2025 23:34:27 Europe/Berlin] Database connection established successfully
[22-Jul-2025 23:34:32 Europe/Berlin] Database connection established successfully
[22-Jul-2025 23:34:35 Europe/Berlin] Database connection established successfully
[22-Jul-2025 23:34:41 Europe/Berlin] Database connection established successfully
[22-Jul-2025 23:34:43 Europe/Berlin] Database connection established successfully
[22-Jul-2025 23:34:43 Europe/Berlin] Database connection established successfully
[22-Jul-2025 23:34:44 Europe/Berlin] Database connection established successfully
[22-Jul-2025 23:34:46 Europe/Berlin] Database connection established successfully
[22-Jul-2025 23:34:49 Europe/Berlin] Database connection established successfully
[22-Jul-2025 23:34:50 Europe/Berlin] Database connection established successfully
[22-Jul-2025 23:35:16 Europe/Berlin] Database connection established successfully
[22-Jul-2025 23:35:57 Europe/Berlin] Database connection established successfully
[22-Jul-2025 23:35:59 Europe/Berlin] Database connection established successfully
[22-Jul-2025 23:36:17 Europe/Berlin] Database connection established successfully
[22-Jul-2025 23:36:20 Europe/Berlin] Database connection established successfully
[22-Jul-2025 23:36:21 Europe/Berlin] Database connection established successfully
[22-Jul-2025 23:36:24 Europe/Berlin] Database connection established successfully
[22-Jul-2025 23:37:07 Europe/Berlin] Database connection established successfully
[22-Jul-2025 23:37:07 Europe/Berlin] Database connection established successfully
[22-Jul-2025 23:37:08 Europe/Berlin] Database connection established successfully
[22-Jul-2025 23:37:26 Europe/Berlin] Database connection established successfully
[22-Jul-2025 23:37:26 Europe/Berlin] Database connection established successfully
[22-Jul-2025 23:37:27 Europe/Berlin] Database connection established successfully
[22-Jul-2025 23:37:29 Europe/Berlin] Database connection established successfully
[22-Jul-2025 23:37:58 Europe/Berlin] Database connection established successfully
[22-Jul-2025 23:38:01 Europe/Berlin] Database connection established successfully
[22-Jul-2025 23:38:56 Europe/Berlin] Database connection established successfully
[22-Jul-2025 23:38:57 Europe/Berlin] Database connection established successfully
[22-Jul-2025 23:40:07 Europe/Berlin] Database connection established successfully
[22-Jul-2025 23:41:35 Europe/Berlin] Database connection established successfully
[22-Jul-2025 23:41:42 Europe/Berlin] Database connection established successfully
[22-Jul-2025 23:41:49 Europe/Berlin] Database connection established successfully
[22-Jul-2025 23:43:43 Europe/Berlin] Database connection established successfully
[22-Jul-2025 23:44:26 Europe/Berlin] Database connection established successfully
[22-Jul-2025 23:44:40 Europe/Berlin] Database connection established successfully
[22-Jul-2025 23:46:20 Europe/Berlin] Database connection established successfully
[22-Jul-2025 23:46:28 Europe/Berlin] Database connection established successfully
[22-Jul-2025 23:46:30 Europe/Berlin] Database connection established successfully
[22-Jul-2025 23:46:30 Europe/Berlin] Database connection established successfully
[22-Jul-2025 23:46:35 Europe/Berlin] Database connection established successfully
[22-Jul-2025 23:47:58 Europe/Berlin] Database connection established successfully
[22-Jul-2025 23:48:07 Europe/Berlin] Database connection established successfully
[22-Jul-2025 23:48:15 Europe/Berlin] Database connection established successfully
[22-Jul-2025 23:48:18 Europe/Berlin] Database connection established successfully
[22-Jul-2025 23:49:54 Europe/Berlin] Database connection established successfully
[22-Jul-2025 23:50:08 Europe/Berlin] Database connection established successfully
[22-Jul-2025 23:50:10 Europe/Berlin] Database connection established successfully
[22-Jul-2025 23:50:14 Europe/Berlin] Database connection established successfully
[22-Jul-2025 23:50:22 Europe/Berlin] Database connection established successfully
[22-Jul-2025 23:50:25 Europe/Berlin] Database connection established successfully
[22-Jul-2025 23:50:27 Europe/Berlin] Database connection established successfully
[22-Jul-2025 23:50:28 Europe/Berlin] Database connection established successfully
[22-Jul-2025 23:55:47 Europe/Berlin] Database connection established successfully
[22-Jul-2025 23:55:49 Europe/Berlin] Database connection established successfully
[22-Jul-2025 23:57:15 Europe/Berlin] Database connection established successfully
[22-Jul-2025 23:58:34 Europe/Berlin] Database connection established successfully
[22-Jul-2025 23:58:53 Europe/Berlin] Database connection established successfully
[22-Jul-2025 23:59:18 Europe/Berlin] Database connection established successfully
[22-Jul-2025 23:59:23 Europe/Berlin] Database connection established successfully
[23-Jul-2025 00:02:46 Europe/Berlin] Database connection established successfully
[23-Jul-2025 00:02:50 Europe/Berlin] Database connection established successfully
[23-Jul-2025 00:03:45 Europe/Berlin] Database connection established successfully
[23-Jul-2025 00:05:50 Europe/Berlin] Database connection established successfully
[23-Jul-2025 00:06:54 Europe/Berlin] Database connection established successfully
[23-Jul-2025 00:07:06 Europe/Berlin] Database connection established successfully
[23-Jul-2025 00:07:45 Europe/Berlin] Database connection established successfully
[23-Jul-2025 00:07:49 Europe/Berlin] Database connection established successfully
[23-Jul-2025 00:08:21 Europe/Berlin] Database connection established successfully
[23-Jul-2025 00:08:25 Europe/Berlin] Database connection established successfully
[23-Jul-2025 00:08:26 Europe/Berlin] Database connection established successfully
[23-Jul-2025 00:08:55 Europe/Berlin] Database connection established successfully
[23-Jul-2025 00:09:12 Europe/Berlin] Database connection established successfully
[23-Jul-2025 00:09:14 Europe/Berlin] Database connection established successfully
[23-Jul-2025 00:09:16 Europe/Berlin] Database connection established successfully
[23-Jul-2025 00:09:18 Europe/Berlin] Database connection established successfully
[23-Jul-2025 00:10:38 Europe/Berlin] Database connection established successfully
[23-Jul-2025 00:13:18 Europe/Berlin] Database connection established successfully
[23-Jul-2025 00:14:45 Europe/Berlin] Database connection established successfully
[23-Jul-2025 00:14:47 Europe/Berlin] Database connection established successfully
[23-Jul-2025 00:16:40 Europe/Berlin] Database connection established successfully
[23-Jul-2025 00:16:50 Europe/Berlin] Database connection established successfully
[23-Jul-2025 00:17:37 Europe/Berlin] Database connection established successfully
[23-Jul-2025 00:21:02 Europe/Berlin] Database connection established successfully
[23-Jul-2025 00:21:39 Europe/Berlin] Database connection established successfully
[23-Jul-2025 00:23:23 Europe/Berlin] Database connection established successfully
[23-Jul-2025 00:24:32 Europe/Berlin] Database connection established successfully
[23-Jul-2025 00:27:11 Europe/Berlin] Database connection established successfully
[23-Jul-2025 00:29:36 Europe/Berlin] Database connection established successfully
[23-Jul-2025 00:29:51 Europe/Berlin] Database connection established successfully
[23-Jul-2025 00:29:51 Europe/Berlin] Database connection established successfully
[23-Jul-2025 00:34:30 Europe/Berlin] Database connection established successfully
[23-Jul-2025 00:34:30 Europe/Berlin] Database connection established successfully
[23-Jul-2025 00:35:47 Europe/Berlin] Database connection established successfully
[23-Jul-2025 00:35:48 Europe/Berlin] Database connection established successfully
[23-Jul-2025 00:35:48 Europe/Berlin] Database connection established successfully
[23-Jul-2025 00:36:02 Europe/Berlin] Database connection established successfully
[23-Jul-2025 00:36:03 Europe/Berlin] Database connection established successfully
[23-Jul-2025 00:36:58 Europe/Berlin] Database connection established successfully
[23-Jul-2025 00:37:46 Europe/Berlin] Database connection established successfully
[23-Jul-2025 00:39:34 Europe/Berlin] Database connection established successfully
[23-Jul-2025 00:39:36 Europe/Berlin] Database connection established successfully
[23-Jul-2025 00:40:41 Europe/Berlin] Database connection established successfully
[23-Jul-2025 00:40:42 Europe/Berlin] Database connection established successfully
[23-Jul-2025 00:41:54 Europe/Berlin] Database connection established successfully
[23-Jul-2025 00:41:56 Europe/Berlin] Database connection established successfully
[23-Jul-2025 00:42:22 Europe/Berlin] Database connection established successfully
[23-Jul-2025 00:42:29 Europe/Berlin] Database connection established successfully
[23-Jul-2025 00:46:19 Europe/Berlin] Database connection established successfully
[23-Jul-2025 00:46:20 Europe/Berlin] Database connection established successfully
[23-Jul-2025 00:46:20 Europe/Berlin] PHP Warning:  Undefined variable $conn in C:\xampp\htdocs\j2e_inventory\invoice\editInvoice.php on line 16
[23-Jul-2025 00:46:20 Europe/Berlin] PHP Fatal error:  Uncaught Error: Call to a member function prepare() on null in C:\xampp\htdocs\j2e_inventory\invoice\editInvoice.php:16
Stack trace:
#0 {main}
  thrown in C:\xampp\htdocs\j2e_inventory\invoice\editInvoice.php on line 16
[23-Jul-2025 00:46:49 Europe/Berlin] Database connection established successfully
[23-Jul-2025 00:47:58 Europe/Berlin] Database connection established successfully
[23-Jul-2025 00:48:58 Europe/Berlin] Database connection established successfully
[23-Jul-2025 00:49:35 Europe/Berlin] Database connection established successfully
[23-Jul-2025 00:49:41 Europe/Berlin] Database connection established successfully
[23-Jul-2025 00:49:42 Europe/Berlin] Database connection established successfully
[23-Jul-2025 00:49:42 Europe/Berlin] Products fetched: 36
[23-Jul-2025 00:50:27 Europe/Berlin] Database connection established successfully
[23-Jul-2025 00:50:27 Europe/Berlin] PHP Warning:  Undefined variable $conn in C:\xampp\htdocs\j2e_inventory\invoice\invoice_add.php on line 187
[23-Jul-2025 00:50:27 Europe/Berlin] PHP Fatal error:  Uncaught Error: Call to a member function query() on null in C:\xampp\htdocs\j2e_inventory\invoice\invoice_add.php:187
Stack trace:
#0 {main}
  thrown in C:\xampp\htdocs\j2e_inventory\invoice\invoice_add.php on line 187
[23-Jul-2025 00:51:31 Europe/Berlin] Database connection established successfully
[23-Jul-2025 00:51:31 Europe/Berlin] Products fetched: 36
[23-Jul-2025 00:53:21 Europe/Berlin] Database connection established successfully
[23-Jul-2025 00:53:21 Europe/Berlin] Products fetched: 36
[23-Jul-2025 00:53:29 Europe/Berlin] Database connection established successfully
[23-Jul-2025 00:53:29 Europe/Berlin] Products fetched: 36
[23-Jul-2025 00:54:42 Europe/Berlin] Database connection established successfully
[23-Jul-2025 00:54:42 Europe/Berlin] Products fetched: 36
[23-Jul-2025 00:55:05 Europe/Berlin] Database connection established successfully
[23-Jul-2025 00:55:05 Europe/Berlin] Products fetched: 36
[23-Jul-2025 00:57:08 Europe/Berlin] Database connection established successfully
[23-Jul-2025 00:57:22 Europe/Berlin] Database connection established successfully
[23-Jul-2025 00:57:22 Europe/Berlin] PHP Warning:  Undefined variable $conn in C:\xampp\htdocs\j2e_inventory\invoice\invoice.php on line 86
[23-Jul-2025 00:57:22 Europe/Berlin] PHP Fatal error:  Uncaught Error: Call to a member function query() on null in C:\xampp\htdocs\j2e_inventory\invoice\invoice.php:86
Stack trace:
#0 {main}
  thrown in C:\xampp\htdocs\j2e_inventory\invoice\invoice.php on line 86
[23-Jul-2025 00:58:11 Europe/Berlin] Database connection established successfully
[23-Jul-2025 00:58:11 Europe/Berlin] Products fetched: 36
[23-Jul-2025 00:58:13 Europe/Berlin] Database connection established successfully
[23-Jul-2025 00:58:13 Europe/Berlin] PHP Warning:  Undefined variable $conn in C:\xampp\htdocs\j2e_inventory\invoice\invoice.php on line 86
[23-Jul-2025 00:58:13 Europe/Berlin] PHP Fatal error:  Uncaught Error: Call to a member function query() on null in C:\xampp\htdocs\j2e_inventory\invoice\invoice.php:86
Stack trace:
#0 {main}
  thrown in C:\xampp\htdocs\j2e_inventory\invoice\invoice.php on line 86
[23-Jul-2025 00:58:15 Europe/Berlin] Database connection established successfully
[23-Jul-2025 00:58:15 Europe/Berlin] Products fetched: 36
[23-Jul-2025 00:58:16 Europe/Berlin] Database connection established successfully
[23-Jul-2025 01:04:18 Europe/Berlin] Database connection established successfully
[23-Jul-2025 01:04:21 Europe/Berlin] Database connection established successfully
[23-Jul-2025 01:04:24 Europe/Berlin] Database connection established successfully
[23-Jul-2025 01:05:38 Europe/Berlin] Database connection established successfully
[23-Jul-2025 01:07:08 Europe/Berlin] Database connection established successfully
[23-Jul-2025 01:07:08 Europe/Berlin] Database connection established successfully
[23-Jul-2025 01:08:00 Europe/Berlin] Database connection established successfully
[23-Jul-2025 01:08:00 Europe/Berlin] Database connection established successfully
[23-Jul-2025 01:08:19 Europe/Berlin] Database connection established successfully
[23-Jul-2025 01:08:19 Europe/Berlin] Database connection established successfully
[23-Jul-2025 01:08:27 Europe/Berlin] Database connection established successfully
[23-Jul-2025 01:08:29 Europe/Berlin] Database connection established successfully
[23-Jul-2025 01:08:29 Europe/Berlin] Database connection established successfully
[23-Jul-2025 01:08:31 Europe/Berlin] Database connection established successfully
[23-Jul-2025 01:08:33 Europe/Berlin] Database connection established successfully
[23-Jul-2025 01:08:33 Europe/Berlin] Database connection established successfully
[23-Jul-2025 01:09:26 Europe/Berlin] Database connection established successfully
[23-Jul-2025 01:09:26 Europe/Berlin] Database connection established successfully
[23-Jul-2025 01:09:32 Europe/Berlin] Database connection established successfully
[23-Jul-2025 01:10:49 Europe/Berlin] Database connection established successfully
[23-Jul-2025 01:10:50 Europe/Berlin] Database connection established successfully
[23-Jul-2025 01:11:17 Europe/Berlin] Database connection established successfully
[23-Jul-2025 01:13:00 Europe/Berlin] Database connection established successfully
[23-Jul-2025 01:13:02 Europe/Berlin] Database connection established successfully
[23-Jul-2025 01:13:06 Europe/Berlin] Database connection established successfully
[23-Jul-2025 01:14:08 Europe/Berlin] Database connection established successfully
[23-Jul-2025 01:14:10 Europe/Berlin] Database connection established successfully
[23-Jul-2025 01:15:48 Europe/Berlin] Database connection established successfully
[23-Jul-2025 01:15:51 Europe/Berlin] Database connection established successfully
[23-Jul-2025 01:15:56 Europe/Berlin] Database connection established successfully
[23-Jul-2025 01:15:57 Europe/Berlin] Database connection established successfully
[23-Jul-2025 01:17:14 Europe/Berlin] Database connection established successfully
[23-Jul-2025 01:17:15 Europe/Berlin] Database connection established successfully
[23-Jul-2025 01:17:16 Europe/Berlin] Database connection established successfully
[23-Jul-2025 01:17:17 Europe/Berlin] Database connection established successfully
[23-Jul-2025 01:17:20 Europe/Berlin] Database connection established successfully
[23-Jul-2025 01:17:39 Europe/Berlin] Database connection established successfully
[23-Jul-2025 01:17:52 Europe/Berlin] Database connection established successfully
[23-Jul-2025 01:18:11 Europe/Berlin] Database connection established successfully
[23-Jul-2025 01:18:13 Europe/Berlin] Database connection established successfully
[23-Jul-2025 01:18:28 Europe/Berlin] Database connection established successfully
[23-Jul-2025 01:18:29 Europe/Berlin] Database connection established successfully
[23-Jul-2025 01:20:07 Europe/Berlin] Database connection established successfully
[23-Jul-2025 01:23:16 Europe/Berlin] Database connection established successfully
[23-Jul-2025 01:23:19 Europe/Berlin] Database connection established successfully
[23-Jul-2025 01:24:53 Europe/Berlin] Database connection established successfully
[23-Jul-2025 01:26:52 Europe/Berlin] Database connection established successfully
[23-Jul-2025 01:30:01 Europe/Berlin] Database connection established successfully
[23-Jul-2025 01:30:05 Europe/Berlin] Database connection established successfully
[23-Jul-2025 01:30:21 Europe/Berlin] Database connection established successfully
[23-Jul-2025 01:30:34 Europe/Berlin] Database connection established successfully
[23-Jul-2025 01:30:35 Europe/Berlin] Database connection established successfully
[23-Jul-2025 01:30:37 Europe/Berlin] Database connection established successfully
[23-Jul-2025 01:30:43 Europe/Berlin] Database connection established successfully
[23-Jul-2025 01:30:45 Europe/Berlin] Database connection established successfully
[23-Jul-2025 01:30:49 Europe/Berlin] Database connection established successfully
[23-Jul-2025 01:30:49 Europe/Berlin] Database connection established successfully
[23-Jul-2025 01:30:58 Europe/Berlin] Database connection established successfully
[23-Jul-2025 01:31:02 Europe/Berlin] Database connection established successfully
[23-Jul-2025 01:31:04 Europe/Berlin] Database connection established successfully
[23-Jul-2025 01:31:08 Europe/Berlin] Database connection established successfully
[23-Jul-2025 01:31:34 Europe/Berlin] Database connection established successfully
[23-Jul-2025 01:31:39 Europe/Berlin] Database connection established successfully
[23-Jul-2025 01:31:39 Europe/Berlin] Database connection established successfully
[23-Jul-2025 01:32:03 Europe/Berlin] Database connection established successfully
[23-Jul-2025 01:32:03 Europe/Berlin] Database connection established successfully
[23-Jul-2025 01:32:07 Europe/Berlin] Database connection established successfully
[23-Jul-2025 01:32:10 Europe/Berlin] Database connection established successfully
[23-Jul-2025 01:32:10 Europe/Berlin] Database connection established successfully
[23-Jul-2025 01:32:34 Europe/Berlin] Database connection established successfully
[23-Jul-2025 01:32:34 Europe/Berlin] Database connection established successfully
[23-Jul-2025 01:32:44 Europe/Berlin] Database connection established successfully
[23-Jul-2025 01:32:50 Europe/Berlin] Database connection established successfully
[23-Jul-2025 01:32:52 Europe/Berlin] Database connection established successfully
[23-Jul-2025 01:37:07 Europe/Berlin] Database connection established successfully
[23-Jul-2025 01:38:54 Europe/Berlin] Database connection established successfully
[23-Jul-2025 01:38:55 Europe/Berlin] Database connection established successfully
[23-Jul-2025 01:38:56 Europe/Berlin] Database connection established successfully
[23-Jul-2025 01:38:57 Europe/Berlin] Database connection established successfully
[23-Jul-2025 01:39:00 Europe/Berlin] Database connection established successfully
[23-Jul-2025 01:39:00 Europe/Berlin] PHP Warning:  Undefined variable $users in C:\xampp\htdocs\j2e_inventory\user\user_management.php on line 41
[23-Jul-2025 01:39:00 Europe/Berlin] PHP Warning:  foreach() argument must be of type array|object, null given in C:\xampp\htdocs\j2e_inventory\user\user_management.php on line 41
[23-Jul-2025 01:39:31 Europe/Berlin] Database connection established successfully
[23-Jul-2025 01:39:32 Europe/Berlin] Database connection established successfully
[23-Jul-2025 01:39:32 Europe/Berlin] Database connection established successfully
[23-Jul-2025 01:39:35 Europe/Berlin] Database connection established successfully
[23-Jul-2025 01:39:37 Europe/Berlin] Database connection established successfully
[23-Jul-2025 01:39:37 Europe/Berlin] Database connection established successfully
[23-Jul-2025 01:39:40 Europe/Berlin] Database connection established successfully
[23-Jul-2025 01:39:43 Europe/Berlin] Database connection established successfully
[23-Jul-2025 01:39:43 Europe/Berlin] Products fetched: 36
[23-Jul-2025 01:39:48 Europe/Berlin] Database connection established successfully
[23-Jul-2025 01:39:49 Europe/Berlin] Database connection established successfully
[23-Jul-2025 01:39:51 Europe/Berlin] Database connection established successfully
[23-Jul-2025 01:39:55 Europe/Berlin] Database connection established successfully
[23-Jul-2025 01:45:11 Europe/Berlin] Database connection established successfully
[23-Jul-2025 01:45:16 Europe/Berlin] Database connection established successfully
[23-Jul-2025 01:45:21 Europe/Berlin] Database connection established successfully
[23-Jul-2025 01:45:34 Europe/Berlin] Database connection established successfully
[23-Jul-2025 01:45:45 Europe/Berlin] Database connection established successfully
[23-Jul-2025 01:46:14 Europe/Berlin] Database connection established successfully
[23-Jul-2025 01:46:14 Europe/Berlin] Database connection established successfully
[23-Jul-2025 01:46:16 Europe/Berlin] Database connection established successfully
[23-Jul-2025 01:46:22 Europe/Berlin] Database connection established successfully
[23-Jul-2025 01:46:22 Europe/Berlin] Database connection established successfully
[23-Jul-2025 01:46:26 Europe/Berlin] Database connection established successfully
[23-Jul-2025 01:46:28 Europe/Berlin] Database connection established successfully
[23-Jul-2025 01:46:31 Europe/Berlin] Database connection established successfully
